// Jest Snapshot v1, https://goo.gl/fbAQLP

exports[`Should render the InfoItem 1`] = `
<View
  style={
    Object {
      "alignItems": "center",
      "fontWeight": "bold",
      "justifyContent": "space-around",
    }
  }
>
  <Text
    style={
      Object {
        "color": "#fff",
        "fontSize": 20,
        "paddingTop": 10,
      }
    }
  >
    
  </Text>
  <Text
    style={
      Object {
        "color": "#fdf02a",
        "fontSize": 19,
        "paddingTop": 10,
      }
    }
  >
    0 
  </Text>
</View>
`;
