// Jest Snapshot v1, https://goo.gl/fbAQLP

exports[`Should render the InfoItemCard 1`] = `
<View
  style={
    Array [
      Object {
        "backgroundColor": "rgb(0, 132, 255)",
        "borderColor": "#fff",
        "borderRadius": 8,
        "borderWidth": 2,
        "elevation": 18,
        "margin": 10,
        "shadowColor": "#000",
        "shadowOffset": Object {
          "height": 9,
          "width": 0,
        },
        "shadowOpacity": 0.48,
        "shadowRadius": 11.95,
      },
      Object {
        "height": 166.75,
        "width": 312.5,
      },
    ]
  }
/>
`;
