// Jest Snapshot v1, https://goo.gl/fbAQLP

exports[`Should render the WeatherIcon 1`] = `
<View
  style={
    Array [
      Object {
        "flex": 1,
        "justifyContent": "center",
      },
      Object {
        "flexDirection": "row",
        "justifyContent": "space-around",
        "marginTop": "80%",
        "padding": 10,
      },
    ]
  }
>
  <ActivityIndicator
    animating={true}
    color="#fff"
    hidesWhenStopped={true}
    size="Large"
  />
</View>
`;
